./run.sh: line 8: ./cHHT_sCSR_expanded.sh: No such file or directory
